// Jest Snapshot v1, https://goo.gl/fbAQLP

exports[`VerificationCard renders a connected VerificationCard as expected 1`] = `
ShallowWrapper {
  Symbol(enzyme.__root__): [Circular],
  Symbol(enzyme.__unrendered__): <VerificationCard
    address={null}
    authorizeRequest={[Function]}
    cancelRequest={[Function]}
    claims={
      Array [
        Object {
          "key": "loading",
          "value": "loading",
        },
      ]
    }
    issuer={Object {}}
    navigator={FakeNavigator {}}
    request={Object {}}
    showActions={true}
    title="loading"
    verification={
      Object {
        "claim": Object {
          "loading": "loading",
        },
      }
    }
  />,
  Symbol(enzyme.__renderer__): Object {
    "batchedUpdates": [Function],
    "checkPropTypes": [Function],
    "getNode": [Function],
    "render": [Function],
    "simulateError": [Function],
    "simulateEvent": [Function],
    "unmount": [Function],
  },
  Symbol(enzyme.__node__): Object {
    "instance": null,
    "key": undefined,
    "nodeType": "class",
    "props": Object {
      "children": Array [
        <Component
          style={
            Object {
              "backgroundColor": "#FFFFFF",
              "borderBottomColor": "rgba(216,216,216,1)",
              "borderBottomWidth": 0.5,
              "padding": 22,
            }
          }
        >
          <Component
            style={
              Object {
                "alignItems": "stretch",
                "flex": 0,
                "flexDirection": "row",
                "justifyContent": "space-between",
              }
            }
          >
            <Text
              accessible={true}
              allowFontScaling={true}
              ellipsizeMode="tail"
              style={
                Object {
                  "color": "rgba(74,74,74,1)",
                  "fontFamily": undefined,
                  "fontSize": 14,
                  "lineHeight": 19,
                }
              }
            >
              from:
              <Text
                accessible={true}
                allowFontScaling={true}
                ellipsizeMode="tail"
                style={
                  Object {
                    "fontWeight": "600",
                  }
                }
              />
            </Text>
            <ExpirationItem />
          </Component>
        </Component>,
        <UseCredentialCard
          authorizeRequest={[Function]}
          claim={
            Object {
              "loading": "loading",
            }
          }
          request={Object {}}
        />,
        <Component
          style={
            Object {
              "flex": 1,
              "flexDirection": "column",
            }
          }
        >
          <NestedInfo
            data={
              Object {
                "loading": "loading",
              }
            }
          />
        </Component>,
        <AcceptCancelGroup
          acceptText="Save"
          cancelText="Decline"
          onAccept={[Function]}
          onCancel={[Function]}
        />,
      ],
      "style": Object {
        "flex": 1,
      },
    },
    "ref": null,
    "rendered": Array [
      Object {
        "instance": null,
        "key": undefined,
        "nodeType": "class",
        "props": Object {
          "children": Array [
            <Component
              style={
                Object {
                  "alignItems": "stretch",
                  "flex": 0,
                  "flexDirection": "row",
                  "justifyContent": "space-between",
                }
              }
            >
              <Text
                accessible={true}
                allowFontScaling={true}
                ellipsizeMode="tail"
                style={
                  Object {
                    "color": "rgba(74,74,74,1)",
                    "fontFamily": undefined,
                    "fontSize": 14,
                    "lineHeight": 19,
                  }
                }
              >
                from:
                <Text
                  accessible={true}
                  allowFontScaling={true}
                  ellipsizeMode="tail"
                  style={
                    Object {
                      "fontWeight": "600",
                    }
                  }
                />
              </Text>
              <ExpirationItem />
            </Component>,
            false,
          ],
          "style": Object {
            "backgroundColor": "#FFFFFF",
            "borderBottomColor": "rgba(216,216,216,1)",
            "borderBottomWidth": 0.5,
            "padding": 22,
          },
        },
        "ref": null,
        "rendered": Array [
          Object {
            "instance": null,
            "key": undefined,
            "nodeType": "class",
            "props": Object {
              "children": Array [
                <Text
                  accessible={true}
                  allowFontScaling={true}
                  ellipsizeMode="tail"
                  style={
                    Object {
                      "color": "rgba(74,74,74,1)",
                      "fontFamily": undefined,
                      "fontSize": 14,
                      "lineHeight": 19,
                    }
                  }
                >
                  from:
                  <Text
                    accessible={true}
                    allowFontScaling={true}
                    ellipsizeMode="tail"
                    style={
                      Object {
                        "fontWeight": "600",
                      }
                    }
                  />
                </Text>,
                <ExpirationItem />,
              ],
              "style": Object {
                "alignItems": "stretch",
                "flex": 0,
                "flexDirection": "row",
                "justifyContent": "space-between",
              },
            },
            "ref": null,
            "rendered": Array [
              Object {
                "instance": null,
                "key": undefined,
                "nodeType": "class",
                "props": Object {
                  "accessible": true,
                  "allowFontScaling": true,
                  "children": Array [
                    "from:",
                    <Text
                      accessible={true}
                      allowFontScaling={true}
                      ellipsizeMode="tail"
                      style={
                        Object {
                          "fontWeight": "600",
                        }
                      }
                    />,
                  ],
                  "ellipsizeMode": "tail",
                  "style": Object {
                    "color": "rgba(74,74,74,1)",
                    "fontFamily": undefined,
                    "fontSize": 14,
                    "lineHeight": 19,
                  },
                },
                "ref": null,
                "rendered": Array [
                  "from:",
                  Object {
                    "instance": null,
                    "key": undefined,
                    "nodeType": "class",
                    "props": Object {
                      "accessible": true,
                      "allowFontScaling": true,
                      "children": undefined,
                      "ellipsizeMode": "tail",
                      "style": Object {
                        "fontWeight": "600",
                      },
                    },
                    "ref": null,
                    "rendered": null,
                    "type": [Function],
                  },
                ],
                "type": [Function],
              },
              Object {
                "instance": null,
                "key": undefined,
                "nodeType": "function",
                "props": Object {
                  "d": undefined,
                },
                "ref": null,
                "rendered": null,
                "type": [Function],
              },
            ],
            "type": [Function],
          },
          false,
        ],
        "type": [Function],
      },
      Object {
        "instance": null,
        "key": undefined,
        "nodeType": "function",
        "props": Object {
          "authorizeRequest": [Function],
          "claim": Object {
            "loading": "loading",
          },
          "request": Object {},
        },
        "ref": null,
        "rendered": null,
        "type": [Function],
      },
      Object {
        "instance": null,
        "key": undefined,
        "nodeType": "class",
        "props": Object {
          "children": <NestedInfo
            data={
              Object {
                "loading": "loading",
              }
            }
          />,
          "style": Object {
            "flex": 1,
            "flexDirection": "column",
          },
        },
        "ref": null,
        "rendered": Object {
          "instance": null,
          "key": undefined,
          "nodeType": "class",
          "props": Object {
            "componentId": undefined,
            "data": Object {
              "loading": "loading",
            },
          },
          "ref": null,
          "rendered": null,
          "type": [Function],
        },
        "type": [Function],
      },
      Object {
        "instance": null,
        "key": undefined,
        "nodeType": "function",
        "props": Object {
          "acceptText": "Save",
          "cancelText": "Decline",
          "onAccept": [Function],
          "onCancel": [Function],
        },
        "ref": null,
        "rendered": null,
        "type": [Function],
      },
    ],
    "type": [Function],
  },
  Symbol(enzyme.__nodes__): Array [
    Object {
      "instance": null,
      "key": undefined,
      "nodeType": "class",
      "props": Object {
        "children": Array [
          <Component
            style={
              Object {
                "backgroundColor": "#FFFFFF",
                "borderBottomColor": "rgba(216,216,216,1)",
                "borderBottomWidth": 0.5,
                "padding": 22,
              }
            }
          >
            <Component
              style={
                Object {
                  "alignItems": "stretch",
                  "flex": 0,
                  "flexDirection": "row",
                  "justifyContent": "space-between",
                }
              }
            >
              <Text
                accessible={true}
                allowFontScaling={true}
                ellipsizeMode="tail"
                style={
                  Object {
                    "color": "rgba(74,74,74,1)",
                    "fontFamily": undefined,
                    "fontSize": 14,
                    "lineHeight": 19,
                  }
                }
              >
                from:
                <Text
                  accessible={true}
                  allowFontScaling={true}
                  ellipsizeMode="tail"
                  style={
                    Object {
                      "fontWeight": "600",
                    }
                  }
                />
              </Text>
              <ExpirationItem />
            </Component>
          </Component>,
          <UseCredentialCard
            authorizeRequest={[Function]}
            claim={
              Object {
                "loading": "loading",
              }
            }
            request={Object {}}
          />,
          <Component
            style={
              Object {
                "flex": 1,
                "flexDirection": "column",
              }
            }
          >
            <NestedInfo
              data={
                Object {
                  "loading": "loading",
                }
              }
            />
          </Component>,
          <AcceptCancelGroup
            acceptText="Save"
            cancelText="Decline"
            onAccept={[Function]}
            onCancel={[Function]}
          />,
        ],
        "style": Object {
          "flex": 1,
        },
      },
      "ref": null,
      "rendered": Array [
        Object {
          "instance": null,
          "key": undefined,
          "nodeType": "class",
          "props": Object {
            "children": Array [
              <Component
                style={
                  Object {
                    "alignItems": "stretch",
                    "flex": 0,
                    "flexDirection": "row",
                    "justifyContent": "space-between",
                  }
                }
              >
                <Text
                  accessible={true}
                  allowFontScaling={true}
                  ellipsizeMode="tail"
                  style={
                    Object {
                      "color": "rgba(74,74,74,1)",
                      "fontFamily": undefined,
                      "fontSize": 14,
                      "lineHeight": 19,
                    }
                  }
                >
                  from:
                  <Text
                    accessible={true}
                    allowFontScaling={true}
                    ellipsizeMode="tail"
                    style={
                      Object {
                        "fontWeight": "600",
                      }
                    }
                  />
                </Text>
                <ExpirationItem />
              </Component>,
              false,
            ],
            "style": Object {
              "backgroundColor": "#FFFFFF",
              "borderBottomColor": "rgba(216,216,216,1)",
              "borderBottomWidth": 0.5,
              "padding": 22,
            },
          },
          "ref": null,
          "rendered": Array [
            Object {
              "instance": null,
              "key": undefined,
              "nodeType": "class",
              "props": Object {
                "children": Array [
                  <Text
                    accessible={true}
                    allowFontScaling={true}
                    ellipsizeMode="tail"
                    style={
                      Object {
                        "color": "rgba(74,74,74,1)",
                        "fontFamily": undefined,
                        "fontSize": 14,
                        "lineHeight": 19,
                      }
                    }
                  >
                    from:
                    <Text
                      accessible={true}
                      allowFontScaling={true}
                      ellipsizeMode="tail"
                      style={
                        Object {
                          "fontWeight": "600",
                        }
                      }
                    />
                  </Text>,
                  <ExpirationItem />,
                ],
                "style": Object {
                  "alignItems": "stretch",
                  "flex": 0,
                  "flexDirection": "row",
                  "justifyContent": "space-between",
                },
              },
              "ref": null,
              "rendered": Array [
                Object {
                  "instance": null,
                  "key": undefined,
                  "nodeType": "class",
                  "props": Object {
                    "accessible": true,
                    "allowFontScaling": true,
                    "children": Array [
                      "from:",
                      <Text
                        accessible={true}
                        allowFontScaling={true}
                        ellipsizeMode="tail"
                        style={
                          Object {
                            "fontWeight": "600",
                          }
                        }
                      />,
                    ],
                    "ellipsizeMode": "tail",
                    "style": Object {
                      "color": "rgba(74,74,74,1)",
                      "fontFamily": undefined,
                      "fontSize": 14,
                      "lineHeight": 19,
                    },
                  },
                  "ref": null,
                  "rendered": Array [
                    "from:",
                    Object {
                      "instance": null,
                      "key": undefined,
                      "nodeType": "class",
                      "props": Object {
                        "accessible": true,
                        "allowFontScaling": true,
                        "children": undefined,
                        "ellipsizeMode": "tail",
                        "style": Object {
                          "fontWeight": "600",
                        },
                      },
                      "ref": null,
                      "rendered": null,
                      "type": [Function],
                    },
                  ],
                  "type": [Function],
                },
                Object {
                  "instance": null,
                  "key": undefined,
                  "nodeType": "function",
                  "props": Object {
                    "d": undefined,
                  },
                  "ref": null,
                  "rendered": null,
                  "type": [Function],
                },
              ],
              "type": [Function],
            },
            false,
          ],
          "type": [Function],
        },
        Object {
          "instance": null,
          "key": undefined,
          "nodeType": "function",
          "props": Object {
            "authorizeRequest": [Function],
            "claim": Object {
              "loading": "loading",
            },
            "request": Object {},
          },
          "ref": null,
          "rendered": null,
          "type": [Function],
        },
        Object {
          "instance": null,
          "key": undefined,
          "nodeType": "class",
          "props": Object {
            "children": <NestedInfo
              data={
                Object {
                  "loading": "loading",
                }
              }
            />,
            "style": Object {
              "flex": 1,
              "flexDirection": "column",
            },
          },
          "ref": null,
          "rendered": Object {
            "instance": null,
            "key": undefined,
            "nodeType": "class",
            "props": Object {
              "componentId": undefined,
              "data": Object {
                "loading": "loading",
              },
            },
            "ref": null,
            "rendered": null,
            "type": [Function],
          },
          "type": [Function],
        },
        Object {
          "instance": null,
          "key": undefined,
          "nodeType": "function",
          "props": Object {
            "acceptText": "Save",
            "cancelText": "Decline",
            "onAccept": [Function],
            "onCancel": [Function],
          },
          "ref": null,
          "rendered": null,
          "type": [Function],
        },
      ],
      "type": [Function],
    },
  ],
  Symbol(enzyme.__options__): Object {
    "adapter": ReactSixteenAdapter {
      "options": Object {
        "enableComponentDidUpdateOnSetState": true,
        "legacyContextMode": "parent",
        "lifecycles": Object {
          "componentDidUpdate": Object {
            "onSetState": true,
          },
          "getChildContext": Object {
            "calledByRenderer": false,
          },
          "getDerivedStateFromProps": true,
          "getSnapshotBeforeUpdate": true,
          "setState": Object {
            "skipsComponentDidUpdateOnNullish": true,
          },
        },
      },
    },
    "context": Object {
      "store": Object {
        "clearActions": [Function],
        "dispatch": [Function],
        "getActions": [Function],
        "getState": [Function],
        "replaceReducer": [Function],
        "subscribe": [Function],
      },
      "storeSubscription": Subscription {
        "listeners": Object {
          "clear": [Function],
          "get": [Function],
          "notify": [Function],
          "subscribe": [Function],
        },
        "onStateChange": [Function],
        "parentSub": undefined,
        "store": Object {
          "clearActions": [Function],
          "dispatch": [Function],
          "getActions": [Function],
          "getState": [Function],
          "replaceReducer": [Function],
          "subscribe": [Function],
        },
        "unsubscribe": [Function],
      },
    },
  },
  Symbol(enzyme.__childContext__): null,
}
`;
