// Jest Snapshot v1, https://goo.gl/fbAQLP

exports[`KeyboardAwareListView renders the KeyboardAwareListView 1`] = `
<RCTScrollView
  contentInset={
    Object {
      "bottom": 0,
    }
  }
  dataSource={
    Object {
      "rowIdentities": Array [],
    }
  }
  disableVirtualization={false}
  getItem={[Function]}
  getItemCount={[Function]}
  horizontal={false}
  initialNumToRender={10}
  keyExtractor={[Function]}
  maxToRenderPerBatch={10}
  numColumns={1}
  onContentSizeChange={[Function]}
  onEndReachedThreshold={2}
  onLayout={[Function]}
  onMomentumScrollEnd={[Function]}
  onScroll={[Function]}
  onScrollBeginDrag={[Function]}
  onScrollEndDrag={[Function]}
  opacity={1}
  removeClippedSubviews={false}
  renderItem={[Function]}
  scrollEventThrottle={200}
  scrollToBottomOnKBShow={false}
  scrollToInputAdditionalOffset={75}
  startScrolledToBottom={false}
  stickyHeaderIndices={Array []}
  updateCellsBatchingPeriod={50}
  viewabilityConfigCallbackPairs={Array []}
  windowSize={21}
>
  <View />
</RCTScrollView>
`;
